<?xml version="1.0" encoding="utf-8"?><testsuites><testsuite errors="0" failures="0" hostname="RUDSDW026897" name="pytest" skipped="0" tests="6" time="13.986" timestamp="2020-08-09T19:14:49.110107"><testcase classname="test.test_add_group" file="test\test_add_group.py" line="4" name="test_add_group[None:::]" time="5.961"></testcase><testcase classname="test.test_add_group" file="test\test_add_group.py" line="4" name="test_add_group[None:nameSY:header:footerBMF6i6l]" time="1.328"></testcase><testcase classname="test.test_add_group" file="test\test_add_group.py" line="4" name="test_add_group[None:nameKH:headeroGOtVvwb53:footerf]" time="1.272"></testcase><testcase classname="test.test_add_group" file="test\test_add_group.py" line="4" name="test_add_group[None:nameL:header8Wc:footerB]" time="1.376"></testcase><testcase classname="test.test_add_group" file="test\test_add_group.py" line="4" name="test_add_group[None:namekFq:headerff5Zt64uGlU:footer]" time="1.398"></testcase><testcase classname="test.test_add_group" file="test\test_add_group.py" line="4" name="test_add_group[None:name7r4C:headerD0vuGOGiVH:footer]" time="2.604"></testcase></testsuite></testsuites>